[Licensing::Module] Trying to connect to existing licensing client channel...
[Licensing::IpcConnector] Successfully connected to: "LicenseClient-slyca" at "2026-05-04T23:35:29.8729415Z"
Built from '6000.4/staging' branch; Version is '6000.4.0f1 (8cf496087c8f) revision 9237654'; Using compiler version '194234433'; Build Type 'Release'
OS: 'Windows 11  (10.0.26200) Core' Language: 'en' Physical Memory: 31830 MB
BatchMode: 1, IsHumanControllingUs: 0, StartBugReporterOnCrash: 0, Is64bit: 1
System  architecture: x64
Process architecture: x64
Date: 2026-05-04T23:35:29Z

COMMAND LINE ARGUMENTS:
C:\Program Files\Unity\Hub\Editor\6000.4.0f1\Editor\Unity.exe
-adb2
-batchMode
-noUpm
-name
AssetImportWorker1
-projectPath
C:/Users/slyca/OneDrive/Documents/GitHub/119Game/119 Game
-logFile
Logs/AssetImportWorker1.log
-srvPort
64793
-licensingIpc
LicenseClient-slyca
-force-d3d12
-job-worker-count
3
-background-job-worker-count
8
-gc-helper-count
1
-name
AssetImport
Successfully changed project path to: C:/Users/slyca/OneDrive/Documents/GitHub/119Game/119 Game
C:/Users/slyca/OneDrive/Documents/GitHub/119Game/119 Game
[UnityMemory] Configuration Parameters - Can be set up in boot.config
    "memorysetup-temp-allocator-size-gi-baking-worker=262144"
    "memorysetup-temp-allocator-size-gi-baking-worker=262144"
    "memorysetup-temp-allocator-size-gi-baking-worker=262144"
    "memorysetup-temp-allocator-size-gi-baking-worker=262144"
    "memorysetup-temp-allocator-size-gi-baking-worker=262144"
    "memorysetup-temp-allocator-size-nav-mesh-worker=65536"
    "memorysetup-temp-allocator-size-audio-worker=65536"
    "memorysetup-temp-allocator-size-cloud-worker=32768"
    "memorysetup-temp-allocator-size-gfx=262144"
    "memorysetup-temp-allocator-size-preload-manager=33554432"
    "memorysetup-temp-allocator-size-job-worker=262144"
    "memorysetup-temp-allocator-size-background-worker=32768"
    "memorysetup-allocator-temp-initial-block-size-main=262144"
    "memorysetup-allocator-temp-initial-block-size-worker=262144"
    "memorysetup-bucket-allocator-granularity=16"
    "memorysetup-bucket-allocator-bucket-count=8"
    "memorysetup-bucket-allocator-block-size=33554432"
    "memorysetup-bucket-allocator-block-count=8"
    "memorysetup-main-allocator-block-size=16777216"
    "memorysetup-thread-allocator-block-size=16777216"
    "memorysetup-gfx-main-allocator-block-size=16777216"
    "memorysetup-gfx-thread-allocator-block-size=16777216"
    "memorysetup-cache-allocator-block-size=4194304"
    "memorysetup-typetree-allocator-block-size=2097152"
    "memorysetup-profiler-bucket-allocator-granularity=16"
    "memorysetup-profiler-bucket-allocator-bucket-count=8"
    "memorysetup-profiler-bucket-allocator-block-size=33554432"
    "memorysetup-profiler-bucket-allocator-block-count=8"
    "memorysetup-profiler-allocator-block-size=16777216"
    "memorysetup-profiler-editor-allocator-block-size=1048576"
    "memorysetup-temp-allocator-size-main=16777216"
    "memorysetup-job-temp-allocator-block-size=2097152"
    "memorysetup-job-temp-allocator-block-size-background=1048576"
    "memorysetup-job-temp-allocator-reduction-small-platforms=262144"
Player connection [22184]  Target information:

Player connection [22184]  * "[IP] 129.21.130.173 [Port] 0 [Flags] 2 [Guid] 2368162563 [EditorId] 2368162563 [Version] 1048832 [Id] WindowsEditor(7,Slys_Barad-dur) [Debug] 1 [PackageName] WindowsEditor [ProjectName] Editor" 

Player connection [22184] Host joined multi-casting on [225.0.0.222:54997]...
Player connection [22184] Host joined alternative multi-casting on [225.0.0.222:34997]...
JobSystem: Creating JobQueue using job-worker-count value 3
Input System module state changed to: Initialized.
[Physics::Module] Initialized fallback backend.
[Physics::Module] Id: 0xdecafbad
Library Redirect Path: Library/
[Physics::Module] Selected backend.
[Physics::Module] Name: PhysX
[Physics::Module] Id: 0xf2b8ea05
[Physics::Module] SDK Version: 4.1.2
[Physics::Module] Integration Version: 1.0.0
[Physics::Module] Threading Mode: Multi-Threaded
Initialize engine version: 6000.4.0f1 (8cf496087c8f)
[Subsystems] Discovering subsystems at path C:/Program Files/Unity/Hub/Editor/6000.4.0f1/Editor/Data/Resources/UnitySubsystems
[Subsystems] Discovering subsystems at path C:/Users/slyca/OneDrive/Documents/GitHub/119Game/119 Game/Assets
Forcing GfxDevice: Direct3D 12
GfxDevice: creating device client; kGfxThreadingModeNonThreaded
d3d12: failed to query info queue interface (0x80004002).
Direct3D:
    Version:         Direct3D 12 [level 12.2]
    Renderer:        NVIDIA GeForce RTX 5070 Ti (ID=0x2c05)
    Vendor:          NVIDIA
    VRAM:            15995 MB
    App VRAM Budget: 15227 MB
    Driver:          32.0.15.9621
Initialize mono
Mono path[0] = 'C:/Program Files/Unity/Hub/Editor/6000.4.0f1/Editor/Data/Managed'
Mono path[1] = 'C:/Program Files/Unity/Hub/Editor/6000.4.0f1/Editor/Data/MonoBleedingEdge/lib/mono/unityjit-win32'
Mono config path = 'C:/Program Files/Unity/Hub/Editor/6000.4.0f1/Editor/Data/MonoBleedingEdge/etc'
Using monoOptions --debugger-agent=transport=dt_socket,embedding=1,server=y,suspend=n,address=127.0.0.1:56768
CodeReloadManager initialized
Begin MonoManager ReloadAssembly
[Licensing::Client] Error: HandshakeResponse reported an error:
	ResponseCode: 505
	ResponseStatus: Unsupported protocol version '1.18.1'.
[Licensing::Module] Error: Failed to handshake to channel: "LicenseClient-slyca"
[Licensing::IpcConnector] LicenseClient-slyca channel disconnected successfully.
[Licensing::IpcConnector] Successfully connected to: "LicenseClient-slyca-6000.4.0" at "2026-05-04T23:35:30.6473931Z"
Registering precompiled unity dll's ...
Register platform support module: C:/Program Files/Unity/Hub/Editor/6000.4.0f1/Editor/Data/PlaybackEngines/WebGLSupport/UnityEditor.WebGL.Extensions.dll
Register platform support module: C:/Program Files/Unity/Hub/Editor/6000.4.0f1/Editor/Data/PlaybackEngines/WindowsStandaloneSupport/UnityEditor.WindowsStandalone.Extensions.dll
[Licensing::Module] Licensing is not yet initialized.
[Licensing::Client] Handshaking with LicensingClient:
  Version:                 1.18.1+9fbee8e
  Session Id:              0e7c50cd1f6843ff9a6254d2b3ead739
  Correlation Id:          b158ab4a9488aacc9cc98b49717a6aa5
  External correlation Id: 4796877051978983133
  Machine Id:              gsQ6nLfRDu/Y2KDapBeabcNeu4U=
[Licensing::Module] Successfully connected to LicensingClient on channel: "LicenseClient-slyca-6000.4.0" (connect: 0.00s, validation: 0.00s, handshake: 0.61s)
[Licensing::IpcConnector] Successfully connected to: "LicenseClient-slyca-6000.4.0-notifications" at "2026-05-04T23:35:31.2634916Z"
[Licensing::Module] Licensing Background thread has ended after 1.39s
[Licensing::Module] Licensing is initialized (took 0.56s).
[Licensing::Client] Successfully resolved entitlement details
[Licensing::Module] License group:
  Id: 20066442190249-UnityPersXXXX
  Product: Unity Personal
  Type: Assigned
  Expiration: Unlimited
Register platform support module: C:/Program Files/Unity/Hub/Editor/6000.4.0f1/Editor/Data/PlaybackEngines/MetroSupport/UnityEditor.UWP.Extensions.dll
Registered in 0.559374 seconds.
Native extension for UWP target not found
Native extension for WindowsStandalone target not found
Native extension for WebGL target not found
Package Manager log level set to [2]
[Package Manager] Failed to launch server process. Reason: Unity was launched with the -noUpm command-line argument
[Package Manager] Unable to send message (not connected to server process).
[Package Manager] Cannot connect to Unity Package Manager local server
ScheduleIndexationOnStartup MainProcess:False IndexOnStartup:True
Mono: successfully reloaded assembly
- Finished resetting the current domain, in  0.266 seconds
Domain Reload Profiling: 1095ms
	BeginReloadAssembly (74ms)
	RebuildCommonClasses (25ms)
	RebuildNativeTypeToScriptingClass (9ms)
	initialDomainReloadingComplete (597ms)
	LoadAllAssembliesAndSetupDomain (123ms)
		LoadAssemblies (72ms)
		AnalyzeDomain (118ms)
			TypeCache.Refresh (117ms)
				TypeCache.ScanAssembly (108ms)
	FinalizeReload (267ms)
		SetupLoadedEditorAssemblies (0ms)
			InitializePlatformSupportModulesInManaged (51ms)
			BeforeProcessingInitializeOnLoad (50ms)
			ProcessInitializeOnLoadAttributes (81ms)
			ProcessInitializeOnLoadMethodAttributes (42ms)
Assembly reference Packages/com.unity.cinemachine/Editor/Samples/ExposeHDRPInternals/HDRP-Editor-ref.asmref has no target assembly definition
========================================================================
Worker process is ready to serve import requests
Import Worker Mode flag is 0x00
Assembly reference Packages/com.unity.cinemachine/Editor/Samples/ExposeHDRPInternals/HDRP-Editor-ref.asmref has no target assembly definition
Assembly reference Packages/com.unity.cinemachine/Editor/Samples/ExposeHDRPInternals/HDRP-Editor-ref.asmref has no target assembly definition
Begin MonoManager ReloadAssembly
[Licensing::Client] Successfully resolved entitlement details
Assembly Assembly-CSharp-Editor-firstpass.dll at Library/ScriptAssemblies/Assembly-CSharp-Editor-firstpass.dll not valid. Loading of assembly skipped.
Assembly Assembly-CSharp-firstpass.dll at Library/ScriptAssemblies/Assembly-CSharp-firstpass.dll not valid. Loading of assembly skipped.
Assembly TestNewCustomAssembly.dll at Library/ScriptAssemblies/TestNewCustomAssembly.dll not valid. Loading of assembly skipped.
Assembly Unity.2D.Animation.EditorTests.dll at Library/ScriptAssemblies/Unity.2D.Animation.EditorTests.dll not valid. Loading of assembly skipped.
Assembly Unity.2D.Aseprite.EditorTests.dll at Library/ScriptAssemblies/Unity.2D.Aseprite.EditorTests.dll not valid. Loading of assembly skipped.
Assembly Unity.2D.Common.EditorTests.dll at Library/ScriptAssemblies/Unity.2D.Common.EditorTests.dll not valid. Loading of assembly skipped.
Assembly Unity.2D.PixelPerfect.Editor.Tests.dll at Library/ScriptAssemblies/Unity.2D.PixelPerfect.Editor.Tests.dll not valid. Loading of assembly skipped.
Assembly Unity.2D.Psdimporter.EditorTests.dll at Library/ScriptAssemblies/Unity.2D.Psdimporter.EditorTests.dll not valid. Loading of assembly skipped.
Assembly Unity.2D.Sprite.Package.EditorTests.dll at Library/ScriptAssemblies/Unity.2D.Sprite.Package.EditorTests.dll not valid. Loading of assembly skipped.
Assembly Unity.2D.SpriteShape.EditorTests.dll at Library/ScriptAssemblies/Unity.2D.SpriteShape.EditorTests.dll not valid. Loading of assembly skipped.
Assembly Unity.2D.Tilemap.Package.EditorTests.dll at Library/ScriptAssemblies/Unity.2D.Tilemap.Package.EditorTests.dll not valid. Loading of assembly skipped.
Assembly Unity.Collections.BurstCompatibilityGen.dll at Library/ScriptAssemblies/Unity.Collections.BurstCompatibilityGen.dll not valid. Loading of assembly skipped.
Assembly Unity.Collections.DocCodeSamples.dll at Library/ScriptAssemblies/Unity.Collections.DocCodeSamples.dll not valid. Loading of assembly skipped.
Assembly Unity.Collections.PerformanceTests.dll at Library/ScriptAssemblies/Unity.Collections.PerformanceTests.dll not valid. Loading of assembly skipped.
Assembly Unity.Collections.Tests.dll at Library/ScriptAssemblies/Unity.Collections.Tests.dll not valid. Loading of assembly skipped.
Assembly Unity.Collections.Tests.Playmode.dll at Library/ScriptAssemblies/Unity.Collections.Tests.Playmode.dll not valid. Loading of assembly skipped.
Assembly Unity.InputSystem.IntegrationTests.dll at Library/ScriptAssemblies/Unity.InputSystem.IntegrationTests.dll not valid. Loading of assembly skipped.
Assembly Unity.Mathematics.Tests.dll at Library/ScriptAssemblies/Unity.Mathematics.Tests.dll not valid. Loading of assembly skipped.
Assembly Unity.Multiplayer.Center.Editor.Tests.dll at Library/ScriptAssemblies/Unity.Multiplayer.Center.Editor.Tests.dll not valid. Loading of assembly skipped.
Assembly Unity.Multiplayer.Center.Tests.dll at Library/ScriptAssemblies/Unity.Multiplayer.Center.Tests.dll not valid. Loading of assembly skipped.
Assembly Unity.Nuget.Mono-Cecil.dll at Library/ScriptAssemblies/Unity.Nuget.Mono-Cecil.dll not valid. Loading of assembly skipped.
Assembly Unity.PathTracing.Editor.Tests.dll at Library/ScriptAssemblies/Unity.PathTracing.Editor.Tests.dll not valid. Loading of assembly skipped.
Assembly Unity.PathTracing.Runtime.Tests.dll at Library/ScriptAssemblies/Unity.PathTracing.Runtime.Tests.dll not valid. Loading of assembly skipped.
Assembly Unity.Performance.Profile-Analyzer.EditorTests.dll at Library/ScriptAssemblies/Unity.Performance.Profile-Analyzer.EditorTests.dll not valid. Loading of assembly skipped.
Assembly Unity.Play.Publisher.Editor.Tests.dll at Library/ScriptAssemblies/Unity.Play.Publisher.Editor.Tests.dll not valid. Loading of assembly skipped.
Assembly Unity.RenderPipelines.Core.Editor.Tests.dll at Library/ScriptAssemblies/Unity.RenderPipelines.Core.Editor.Tests.dll not valid. Loading of assembly skipped.
Assembly Unity.RenderPipelines.Core.Runtime.Tests.dll at Library/ScriptAssemblies/Unity.RenderPipelines.Core.Runtime.Tests.dll not valid. Loading of assembly skipped.
Assembly Unity.RenderPipelines.Universal.Config.Editor.Tests.dll at Library/ScriptAssemblies/Unity.RenderPipelines.Universal.Config.Editor.Tests.dll not valid. Loading of assembly skipped.
Assembly Unity.RenderPipelines.Universal.Editor.Tests.dll at Library/ScriptAssemblies/Unity.RenderPipelines.Universal.Editor.Tests.dll not valid. Loading of assembly skipped.
Assembly Unity.RenderPipelines.Universal.Runtime.Tests.dll at Library/ScriptAssemblies/Unity.RenderPipelines.Universal.Runtime.Tests.dll not valid. Loading of assembly skipped.
Assembly Unity.Searcher.EditorTests.dll at Library/ScriptAssemblies/Unity.Searcher.EditorTests.dll not valid. Loading of assembly skipped.
Assembly Unity.Settings.Tests.dll at Library/ScriptAssemblies/Unity.Settings.Tests.dll not valid. Loading of assembly skipped.
Assembly Unity.ShaderGraph.Editor.Tests.dll at Library/ScriptAssemblies/Unity.ShaderGraph.Editor.Tests.dll not valid. Loading of assembly skipped.
Assembly Unity.TestTools.CodeCoverage.Editor.Compatibility.dll at Library/ScriptAssemblies/Unity.TestTools.CodeCoverage.Editor.Compatibility.dll not valid. Loading of assembly skipped.
Assembly Unity.TextMeshPro.Editor.Tests.dll at Library/ScriptAssemblies/Unity.TextMeshPro.Editor.Tests.dll not valid. Loading of assembly skipped.
Assembly Unity.TextMeshPro.Tests.dll at Library/ScriptAssemblies/Unity.TextMeshPro.Tests.dll not valid. Loading of assembly skipped.
Assembly Unity.Tutorials.Core.Editor.Tests.dll at Library/ScriptAssemblies/Unity.Tutorials.Core.Editor.Tests.dll not valid. Loading of assembly skipped.
Assembly Unity.Tutorials.Core.Tests.dll at Library/ScriptAssemblies/Unity.Tutorials.Core.Tests.dll not valid. Loading of assembly skipped.
Assembly Unity.UnifiedRayTracing.Editor.Tests.dll at Library/ScriptAssemblies/Unity.UnifiedRayTracing.Editor.Tests.dll not valid. Loading of assembly skipped.
Assembly UnityEditor.UI.Common.Tests.dll at Library/ScriptAssemblies/UnityEditor.UI.Common.Tests.dll not valid. Loading of assembly skipped.
Assembly UnityEditor.UI.EditorTests.dll at Library/ScriptAssemblies/UnityEditor.UI.EditorTests.dll not valid. Loading of assembly skipped.
Assembly UnityEngine.UI.Tests.dll at Library/ScriptAssemblies/UnityEngine.UI.Tests.dll not valid. Loading of assembly skipped.
Assembly reference Packages/com.unity.cinemachine/Editor/Samples/ExposeHDRPInternals/HDRP-Editor-ref.asmref has no target assembly definition
'Packages/com.unity.cinemachine/Editor/Obsolete/CinemachineVirtualCameraBaseEditor.cs' contains partial class of Unity.Object, exactly 1 of the partial classes needs to be in a file with the same filename. This is to know the one that can be referenced from ie. GameObjects
'Packages/com.unity.cinemachine/Editor/Editors/CinemachineVirtualCameraBaseEditor.cs' contains partial class of Unity.Object, exactly 1 of the partial classes needs to be in a file with the same filename. This is to know the one that can be referenced from ie. GameObjects
Native extension for UWP target not found
Native extension for WindowsStandalone target not found
Native extension for WebGL target not found
Assembly reference Packages/com.unity.cinemachine/Editor/Samples/ExposeHDRPInternals/HDRP-Editor-ref.asmref has no target assembly definition
[Package Manager] Failed to launch server process. Reason: Unity was launched with the -noUpm command-line argument
[Package Manager] Unable to send message (not connected to server process).
[Package Manager] Cannot connect to Unity Package Manager local server
[Package Manager] Failed to launch server process. Reason: Unity was launched with the -noUpm command-line argument
[Package Manager] Unable to send message (not connected to server process).
[Package Manager] Cannot connect to Unity Package Manager local server
ScheduleIndexationOnStartup MainProcess:False IndexOnStartup:True
Mono: successfully reloaded assembly
- Finished resetting the current domain, in  0.387 seconds
Domain Reload Profiling: 852ms
	BeginReloadAssembly (111ms)
		DisableScriptedObjects (3ms)
		CreateAndSetChildDomain (24ms)
	RebuildCommonClasses (23ms)
	RebuildNativeTypeToScriptingClass (8ms)
	initialDomainReloadingComplete (42ms)
	LoadAllAssembliesAndSetupDomain (280ms)
		LoadAssemblies (191ms)
		AnalyzeDomain (143ms)
			TypeCache.Refresh (95ms)
				TypeCache.ScanAssembly (86ms)
			BuildScriptInfoCaches (40ms)
			ResolveRequiredComponents (6ms)
	FinalizeReload (388ms)
		SetupLoadedEditorAssemblies (0ms)
			InitializePlatformSupportModulesInManaged (7ms)
			BeforeProcessingInitializeOnLoad (75ms)
			ProcessInitializeOnLoadAttributes (127ms)
			ProcessInitializeOnLoadMethodAttributes (43ms)
			AfterProcessingInitializeOnLoad (4ms)
		AwakeInstancesAfterBackupRestoration (5ms)
Launched and connected shader compiler UnityShaderCompiler.exe after 0.01 seconds
Unloading 74 Unused Serialized files (Serialized files now loaded: 0)
Unloading 5369 unused Assets / (9.3 MB). Loaded Objects now: 6153.
Memory consumption went from 156.7 MB to 147.3 MB.
Total: 7.247400 ms (FindLiveObjects: 0.508600 ms CreateObjectMapping: 0.136300 ms MarkObjects: 3.762800 ms  DeleteObjects: 2.838100 ms)

========================================================================
Received Prepare
Assembly reference Packages/com.unity.cinemachine/Editor/Samples/ExposeHDRPInternals/HDRP-Editor-ref.asmref has no target assembly definition
Assembly reference Packages/com.unity.cinemachine/Editor/Samples/ExposeHDRPInternals/HDRP-Editor-ref.asmref has no target assembly definition
Begin MonoManager ReloadAssembly
Assembly Assembly-CSharp-Editor-firstpass.dll at Library/ScriptAssemblies/Assembly-CSharp-Editor-firstpass.dll not valid. Loading of assembly skipped.
Assembly Assembly-CSharp-firstpass.dll at Library/ScriptAssemblies/Assembly-CSharp-firstpass.dll not valid. Loading of assembly skipped.
Assembly TestNewCustomAssembly.dll at Library/ScriptAssemblies/TestNewCustomAssembly.dll not valid. Loading of assembly skipped.
Assembly Unity.2D.Animation.EditorTests.dll at Library/ScriptAssemblies/Unity.2D.Animation.EditorTests.dll not valid. Loading of assembly skipped.
Assembly Unity.2D.Aseprite.EditorTests.dll at Library/ScriptAssemblies/Unity.2D.Aseprite.EditorTests.dll not valid. Loading of assembly skipped.
Assembly Unity.2D.Common.EditorTests.dll at Library/ScriptAssemblies/Unity.2D.Common.EditorTests.dll not valid. Loading of assembly skipped.
Assembly Unity.2D.PixelPerfect.Editor.Tests.dll at Library/ScriptAssemblies/Unity.2D.PixelPerfect.Editor.Tests.dll not valid. Loading of assembly skipped.
Assembly Unity.2D.Psdimporter.EditorTests.dll at Library/ScriptAssemblies/Unity.2D.Psdimporter.EditorTests.dll not valid. Loading of assembly skipped.
Assembly Unity.2D.Sprite.Package.EditorTests.dll at Library/ScriptAssemblies/Unity.2D.Sprite.Package.EditorTests.dll not valid. Loading of assembly skipped.
Assembly Unity.2D.SpriteShape.EditorTests.dll at Library/ScriptAssemblies/Unity.2D.SpriteShape.EditorTests.dll not valid. Loading of assembly skipped.
Assembly Unity.2D.Tilemap.Package.EditorTests.dll at Library/ScriptAssemblies/Unity.2D.Tilemap.Package.EditorTests.dll not valid. Loading of assembly skipped.
Assembly Unity.Collections.BurstCompatibilityGen.dll at Library/ScriptAssemblies/Unity.Collections.BurstCompatibilityGen.dll not valid. Loading of assembly skipped.
Assembly Unity.Collections.DocCodeSamples.dll at Library/ScriptAssemblies/Unity.Collections.DocCodeSamples.dll not valid. Loading of assembly skipped.
Assembly Unity.Collections.PerformanceTests.dll at Library/ScriptAssemblies/Unity.Collections.PerformanceTests.dll not valid. Loading of assembly skipped.
Assembly Unity.Collections.Tests.dll at Library/ScriptAssemblies/Unity.Collections.Tests.dll not valid. Loading of assembly skipped.
Assembly Unity.Collections.Tests.Playmode.dll at Library/ScriptAssemblies/Unity.Collections.Tests.Playmode.dll not valid. Loading of assembly skipped.
Assembly Unity.InputSystem.IntegrationTests.dll at Library/ScriptAssemblies/Unity.InputSystem.IntegrationTests.dll not valid. Loading of assembly skipped.
Assembly Unity.Mathematics.Tests.dll at Library/ScriptAssemblies/Unity.Mathematics.Tests.dll not valid. Loading of assembly skipped.
Assembly Unity.Multiplayer.Center.Editor.Tests.dll at Library/ScriptAssemblies/Unity.Multiplayer.Center.Editor.Tests.dll not valid. Loading of assembly skipped.
Assembly Unity.Multiplayer.Center.Tests.dll at Library/ScriptAssemblies/Unity.Multiplayer.Center.Tests.dll not valid. Loading of assembly skipped.
Assembly Unity.Nuget.Mono-Cecil.dll at Library/ScriptAssemblies/Unity.Nuget.Mono-Cecil.dll not valid. Loading of assembly skipped.
Assembly Unity.PathTracing.Editor.Tests.dll at Library/ScriptAssemblies/Unity.PathTracing.Editor.Tests.dll not valid. Loading of assembly skipped.
Assembly Unity.PathTracing.Runtime.Tests.dll at Library/ScriptAssemblies/Unity.PathTracing.Runtime.Tests.dll not valid. Loading of assembly skipped.
Assembly Unity.Performance.Profile-Analyzer.EditorTests.dll at Library/ScriptAssemblies/Unity.Performance.Profile-Analyzer.EditorTests.dll not valid. Loading of assembly skipped.
Assembly Unity.Play.Publisher.Editor.Tests.dll at Library/ScriptAssemblies/Unity.Play.Publisher.Editor.Tests.dll not valid. Loading of assembly skipped.
Assembly Unity.RenderPipelines.Core.Editor.Tests.dll at Library/ScriptAssemblies/Unity.RenderPipelines.Core.Editor.Tests.dll not valid. Loading of assembly skipped.
Assembly Unity.RenderPipelines.Core.Runtime.Tests.dll at Library/ScriptAssemblies/Unity.RenderPipelines.Core.Runtime.Tests.dll not valid. Loading of assembly skipped.
Assembly Unity.RenderPipelines.Universal.Config.Editor.Tests.dll at Library/ScriptAssemblies/Unity.RenderPipelines.Universal.Config.Editor.Tests.dll not valid. Loading of assembly skipped.
Assembly Unity.RenderPipelines.Universal.Editor.Tests.dll at Library/ScriptAssemblies/Unity.RenderPipelines.Universal.Editor.Tests.dll not valid. Loading of assembly skipped.
Assembly Unity.RenderPipelines.Universal.Runtime.Tests.dll at Library/ScriptAssemblies/Unity.RenderPipelines.Universal.Runtime.Tests.dll not valid. Loading of assembly skipped.
Assembly Unity.Searcher.EditorTests.dll at Library/ScriptAssemblies/Unity.Searcher.EditorTests.dll not valid. Loading of assembly skipped.
Assembly Unity.Settings.Tests.dll at Library/ScriptAssemblies/Unity.Settings.Tests.dll not valid. Loading of assembly skipped.
Assembly Unity.ShaderGraph.Editor.Tests.dll at Library/ScriptAssemblies/Unity.ShaderGraph.Editor.Tests.dll not valid. Loading of assembly skipped.
Assembly Unity.TestTools.CodeCoverage.Editor.Compatibility.dll at Library/ScriptAssemblies/Unity.TestTools.CodeCoverage.Editor.Compatibility.dll not valid. Loading of assembly skipped.
Assembly Unity.TextMeshPro.Editor.Tests.dll at Library/ScriptAssemblies/Unity.TextMeshPro.Editor.Tests.dll not valid. Loading of assembly skipped.
Assembly Unity.TextMeshPro.Tests.dll at Library/ScriptAssemblies/Unity.TextMeshPro.Tests.dll not valid. Loading of assembly skipped.
Assembly Unity.Tutorials.Core.Editor.Tests.dll at Library/ScriptAssemblies/Unity.Tutorials.Core.Editor.Tests.dll not valid. Loading of assembly skipped.
Assembly Unity.Tutorials.Core.Tests.dll at Library/ScriptAssemblies/Unity.Tutorials.Core.Tests.dll not valid. Loading of assembly skipped.
Assembly Unity.UnifiedRayTracing.Editor.Tests.dll at Library/ScriptAssemblies/Unity.UnifiedRayTracing.Editor.Tests.dll not valid. Loading of assembly skipped.
Assembly UnityEditor.UI.Common.Tests.dll at Library/ScriptAssemblies/UnityEditor.UI.Common.Tests.dll not valid. Loading of assembly skipped.
Assembly UnityEditor.UI.EditorTests.dll at Library/ScriptAssemblies/UnityEditor.UI.EditorTests.dll not valid. Loading of assembly skipped.
Assembly UnityEngine.UI.Tests.dll at Library/ScriptAssemblies/UnityEngine.UI.Tests.dll not valid. Loading of assembly skipped.
Assembly reference Packages/com.unity.cinemachine/Editor/Samples/ExposeHDRPInternals/HDRP-Editor-ref.asmref has no target assembly definition
'Packages/com.unity.cinemachine/Editor/Obsolete/CinemachineVirtualCameraBaseEditor.cs' contains partial class of Unity.Object, exactly 1 of the partial classes needs to be in a file with the same filename. This is to know the one that can be referenced from ie. GameObjects
'Packages/com.unity.cinemachine/Editor/Editors/CinemachineVirtualCameraBaseEditor.cs' contains partial class of Unity.Object, exactly 1 of the partial classes needs to be in a file with the same filename. This is to know the one that can be referenced from ie. GameObjects
Native extension for UWP target not found
Native extension for WindowsStandalone target not found
Native extension for WebGL target not found
Assembly reference Packages/com.unity.cinemachine/Editor/Samples/ExposeHDRPInternals/HDRP-Editor-ref.asmref has no target assembly definition
[Package Manager] Failed to launch server process. Reason: Unity was launched with the -noUpm command-line argument
[Package Manager] Unable to send message (not connected to server process).
[Package Manager] Cannot connect to Unity Package Manager local server
[Package Manager] Failed to launch server process. Reason: Unity was launched with the -noUpm command-line argument
[Package Manager] Unable to send message (not connected to server process).
[Package Manager] Cannot connect to Unity Package Manager local server
ScheduleIndexationOnStartup MainProcess:False IndexOnStartup:True
Mono: successfully reloaded assembly
- Finished resetting the current domain, in  0.421 seconds
Domain Reload Profiling: 939ms
	BeginReloadAssembly (148ms)
		DisableScriptedObjects (8ms)
		CreateAndSetChildDomain (35ms)
	RebuildCommonClasses (22ms)
	RebuildNativeTypeToScriptingClass (8ms)
	initialDomainReloadingComplete (49ms)
	LoadAllAssembliesAndSetupDomain (290ms)
		LoadAssemblies (200ms)
		AnalyzeDomain (149ms)
			TypeCache.Refresh (4ms)
			BuildScriptInfoCaches (136ms)
			ResolveRequiredComponents (6ms)
	FinalizeReload (421ms)
		SetupLoadedEditorAssemblies (0ms)
			InitializePlatformSupportModulesInManaged (8ms)
			BeforeProcessingInitializeOnLoad (117ms)
			ProcessInitializeOnLoadAttributes (131ms)
			ProcessInitializeOnLoadMethodAttributes (57ms)
			AfterProcessingInitializeOnLoad (4ms)
		AwakeInstancesAfterBackupRestoration (10ms)
Unloading 73 Unused Serialized files (Serialized files now loaded: 0)
Unloading 5367 unused Assets / (9.3 MB). Loaded Objects now: 6156.
Memory consumption went from 159.0 MB to 149.7 MB.
Total: 6.865900 ms (FindLiveObjects: 0.666800 ms CreateObjectMapping: 0.212600 ms MarkObjects: 3.302000 ms  DeleteObjects: 2.683600 ms)

Prepare: number of updated asset objects reloaded= 0
EnvironmentDependencyValues requested are different than current active one (requested -> active):
  graphicsApiMask: 4 -> 262148
========================================================================
Received Import Request.
  Time since last request: 107658.897140 seconds.
  path: Assets/Environment/Sprites/Block (2).png
  importAddress: Guid(aec4966f6ad6edd498a1f0f4479ad9a1) Importer(815301076,1909f56bfc062723c751e8b465ee728b)
Start importing Assets/Environment/Sprites/Block (2).png using Guid(aec4966f6ad6edd498a1f0f4479ad9a1) Importer(815301076,1909f56bfc062723c751e8b465ee728b) (PreviewImporter) -> (Import Result ID: '150ca9b60cd28c2e5e43336665efcabf') in 0.1323395 seconds [static and dynamic dependencies]. Details - ImportResultOutputID=56c82033dcd679c320f3677329b0cfb0 DependenciesID=34f25c557590c23509ddf826322eb55b StaticDependenciesID=6d87eb25cd748145b52d2495ee5f297a 
Number of updated asset objects reloaded before import = 0Number of asset objects unloaded after import = 3

========================================================================
Received Import Request.
  Time since last request: 0.000019 seconds.
  path: Assets/Environment/Sprites/Middleground.png
  importAddress: Guid(3f3ce512d8b31b5419a6c5da896aca2a) Importer(815301076,1909f56bfc062723c751e8b465ee728b)
Start importing Assets/Environment/Sprites/Middleground.png using Guid(3f3ce512d8b31b5419a6c5da896aca2a) Importer(815301076,1909f56bfc062723c751e8b465ee728b) (PreviewImporter) -> (Import Result ID: 'f159059b495629ecb8c109c613450c1e') in 0.0153182 seconds [static and dynamic dependencies]. Details - ImportResultOutputID=49b3e9e5c45a12d53dbb245c34fe893a DependenciesID=74261475e355dd23f381e34ece96855b StaticDependenciesID=327dd49afefec9641cbe8967e6eca01b 
Number of updated asset objects reloaded before import = 0Number of asset objects unloaded after import = 3

========================================================================
Received Import Request.
  Time since last request: 0.000025 seconds.
  path: Assets/Environment/Sprites/Tree 1.png
  importAddress: Guid(1d29adfaf7ef4e34e8e7bb7902f5ca9f) Importer(815301076,1909f56bfc062723c751e8b465ee728b)
Start importing Assets/Environment/Sprites/Tree 1.png using Guid(1d29adfaf7ef4e34e8e7bb7902f5ca9f) Importer(815301076,1909f56bfc062723c751e8b465ee728b) (PreviewImporter) -> (Import Result ID: 'a58ac4702fd5a055c8e92261433421b2') in 0.0104507 seconds [static and dynamic dependencies]. Details - ImportResultOutputID=f59f99b747b115b25951cb1a21879590 DependenciesID=60071368f09befa44730a7dc563729f5 StaticDependenciesID=379d8548c7ed0873fc5b6dd8107a09e7 
Number of updated asset objects reloaded before import = 0Number of asset objects unloaded after import = 3

========================================================================
Received Import Request.
  Time since last request: 0.000016 seconds.
  path: Assets/Environment/Sprites/Fire.png
  importAddress: Guid(26612da0886cf564b9ebebb855b470a3) Importer(815301076,1909f56bfc062723c751e8b465ee728b)
Start importing Assets/Environment/Sprites/Fire.png using Guid(26612da0886cf564b9ebebb855b470a3) Importer(815301076,1909f56bfc062723c751e8b465ee728b) (PreviewImporter) -> (Import Result ID: '155d8c9bbcd7d013062d0c473c91ea02') in 0.0115887 seconds [static and dynamic dependencies]. Details - ImportResultOutputID=6318d4b84894c3156e17b6f74883acbd DependenciesID=fb5c35ede0673b1007fa1e2414d9d008 StaticDependenciesID=b794c9a4c7a7152bcdd24dd25aac5fb3 
Number of updated asset objects reloaded before import = 0Number of asset objects unloaded after import = 3

========================================================================
Received Import Request.
  Time since last request: 0.000015 seconds.
  path: Assets/Environment/Sprites/SlabWalkable.png
  importAddress: Guid(5cb4ede53cbfac84c9bd5c8a0c312fd3) Importer(815301076,1909f56bfc062723c751e8b465ee728b)
Start importing Assets/Environment/Sprites/SlabWalkable.png using Guid(5cb4ede53cbfac84c9bd5c8a0c312fd3) Importer(815301076,1909f56bfc062723c751e8b465ee728b) (PreviewImporter) -> (Import Result ID: 'add4f93d2a72e7cbd7d052d0b6a0a541') in 0.0106813 seconds [static and dynamic dependencies]. Details - ImportResultOutputID=36adbe1bc5a27dc13486ed76cb6d2537 DependenciesID=aca246b68d6a8be09261abfbe70655cf StaticDependenciesID=3e43248106a086bd48de7335491f6604 
Number of updated asset objects reloaded before import = 0Number of asset objects unloaded after import = 3

========================================================================
Received Import Request.
  Time since last request: 0.000011 seconds.
  path: Assets/Environment/Sprites/BlockWalkable.png
  importAddress: Guid(46bd2862a71db8442b7748771d415010) Importer(815301076,1909f56bfc062723c751e8b465ee728b)
Start importing Assets/Environment/Sprites/BlockWalkable.png using Guid(46bd2862a71db8442b7748771d415010) Importer(815301076,1909f56bfc062723c751e8b465ee728b) (PreviewImporter) -> (Import Result ID: '3c50ac6d4189e7d2d80e212e54252454') in 0.0101635 seconds [static and dynamic dependencies]. Details - ImportResultOutputID=45a0683b4bc4e8c3c1c12f2bd70e82c8 DependenciesID=9a9435b56327202fb91a5c7c19c2d80f StaticDependenciesID=c0675ea84812cc90873b4f768d121863 
Number of updated asset objects reloaded before import = 0Number of asset objects unloaded after import = 3

========================================================================
Received Import Request.
  Time since last request: 37.381864 seconds.
  path: Assets/Character/Animations/PlayerJump.anim
  importAddress: Guid(1d7e02f8cf5ba47a78bc1e19cc378478) Importer(2089858483,b0f066a214c2f5e87bad3c948f4d605d)
Start importing Assets/Character/Animations/PlayerJump.anim using Guid(1d7e02f8cf5ba47a78bc1e19cc378478) Importer(2089858483,b0f066a214c2f5e87bad3c948f4d605d) (ScriptedImporter) -> (Import Result ID: 'cfbb8c37671dd180142f549174573101') in 0.062416 seconds [static and dynamic dependencies]. Details - ImportResultOutputID=e1a7cc407262927fa7d260e0d24aeb11 DependenciesID=bf964fa5f1fafe082073d3733d2171a3 StaticDependenciesID=90871229073eb0e9849c45d3e36e220e 
Number of updated asset objects reloaded before import = 0Number of asset objects unloaded after import = 1

========================================================================
Received Import Request.
  Time since last request: 0.000014 seconds.
  path: Assets/Environment/Sprites/Middleground.png
  importAddress: Guid(3f3ce512d8b31b5419a6c5da896aca2a) Importer(2089858483,b0f066a214c2f5e87bad3c948f4d605d)
Start importing Assets/Environment/Sprites/Middleground.png using Guid(3f3ce512d8b31b5419a6c5da896aca2a) Importer(2089858483,b0f066a214c2f5e87bad3c948f4d605d) (ScriptedImporter) -> (Import Result ID: '7ed016ebed023eb5f1a58484e7d99c66') in 0.032533 seconds [static and dynamic dependencies]. Details - ImportResultOutputID=dbf9366bcc50e63eb9d1f24618c0f920 DependenciesID=6d2183e987de0e548ccaeda976ff4774 StaticDependenciesID=6ab2beb327caf7ce7f453b4a17636db5 
Number of updated asset objects reloaded before import = 0Number of asset objects unloaded after import = 3

========================================================================
Received Import Request.
  Time since last request: 0.000021 seconds.
  path: Assets/Environment/SlabWalkable.asset
  importAddress: Guid(00d2c100dabeb644abf57eed84c5fb18) Importer(2089858483,b0f066a214c2f5e87bad3c948f4d605d)
Start importing Assets/Environment/SlabWalkable.asset using Guid(00d2c100dabeb644abf57eed84c5fb18) Importer(2089858483,b0f066a214c2f5e87bad3c948f4d605d) (ScriptedImporter) -> (Import Result ID: 'fd6298b6cf84f106252f5a1c82bc069e') in 0.0154569 seconds [static and dynamic dependencies]. Details - ImportResultOutputID=a5e66557891f8fee4fbd4906b3295b03 DependenciesID=72293d6ac202e0f8dbe435ced6618c09 StaticDependenciesID=e26472f1be359d79ada35f8e6c3f28e2 
Number of updated asset objects reloaded before import = 0Number of asset objects unloaded after import = 2

========================================================================
Received Import Request.
  Time since last request: 0.000009 seconds.
  path: Assets/Environment/Sprites/Fire.png
  importAddress: Guid(26612da0886cf564b9ebebb855b470a3) Importer(2089858483,b0f066a214c2f5e87bad3c948f4d605d)
Start importing Assets/Environment/Sprites/Fire.png using Guid(26612da0886cf564b9ebebb855b470a3) Importer(2089858483,b0f066a214c2f5e87bad3c948f4d605d) (ScriptedImporter) -> (Import Result ID: 'a45f62ea5b86b69e55be8bef82d4fa5a') in 0.0080447 seconds [static and dynamic dependencies]. Details - ImportResultOutputID=b4c1481255f85291f7ea17d54ee1e3cd DependenciesID=65f34d2ef9a6e80ad4e642186bcc12d8 StaticDependenciesID=f71a33e03239412f7166d0a6c310a5f4 
Number of updated asset objects reloaded before import = 0Number of asset objects unloaded after import = 3

========================================================================
Received Import Request.
  Time since last request: 0.000011 seconds.
  path: Assets/Character/Animations/EnemyIdle.anim
  importAddress: Guid(6fbd3b4272fc84993b8317d782d39f77) Importer(2089858483,b0f066a214c2f5e87bad3c948f4d605d)
Start importing Assets/Character/Animations/EnemyIdle.anim using Guid(6fbd3b4272fc84993b8317d782d39f77) Importer(2089858483,b0f066a214c2f5e87bad3c948f4d605d) (ScriptedImporter) -> (Import Result ID: '31527e9393f8fd49c30c297cf1e00d23') in 0.005948 seconds [static and dynamic dependencies]. Details - ImportResultOutputID=9b6ab16901d260d4e0157ddc90644b49 DependenciesID=4e1b1339de1bec59f46b8a6cbd6a1e49 StaticDependenciesID=e94d539c6b483997bfb4724f3ef86c11 
Number of updated asset objects reloaded before import = 0Number of asset objects unloaded after import = 1

========================================================================
Received Import Request.
  Time since last request: 0.000008 seconds.
  path: Assets/Character/Animations/PlayerVictory.anim
  importAddress: Guid(e4a08f6d2d50b4e65b8dc54c2429f307) Importer(2089858483,b0f066a214c2f5e87bad3c948f4d605d)
Start importing Assets/Character/Animations/PlayerVictory.anim using Guid(e4a08f6d2d50b4e65b8dc54c2429f307) Importer(2089858483,b0f066a214c2f5e87bad3c948f4d605d) (ScriptedImporter) -> (Import Result ID: 'e5c8b77e75ad553cf4d7d8a29a78e698') in 0.0064341 seconds [static and dynamic dependencies]. Details - ImportResultOutputID=85b5a9cf0d423c02132c5a0a26fe9826 DependenciesID=bb1cfd87471a4bd588ccb5586ccc69df StaticDependenciesID=1c992827ee1209ad884a16fb6b3ff274 
Number of updated asset objects reloaded before import = 0Number of asset objects unloaded after import = 1

========================================================================
Received Import Request.
  Time since last request: 0.000008 seconds.
  path: Assets/Scenes/Scene_1.unity
  importAddress: Guid(2cda990e2423bbf4892e6590ba056729) Importer(2089858483,b0f066a214c2f5e87bad3c948f4d605d)
Start importing Assets/Scenes/Scene_1.unity using Guid(2cda990e2423bbf4892e6590ba056729) Importer(2089858483,b0f066a214c2f5e87bad3c948f4d605d) (ScriptedImporter) -> (Import Result ID: '66160646209b194f19ac657281d65df4') in 0.0170347 seconds [static and dynamic dependencies]. Details - ImportResultOutputID=13cbf4b020712c4f2fab2c13f69f2a33 DependenciesID=47b99df572cb3200614f08d2f89c51bd StaticDependenciesID=8a070c185965d5c2b9f98b5a7b7d028b 
Number of updated asset objects reloaded before import = 0Number of asset objects unloaded after import = 1

========================================================================
Received Import Request.
  Time since last request: 0.000009 seconds.
  path: Assets/Audio/LandOnGroundjumpCreature Foot Step 04.wav
  importAddress: Guid(50b49017a6e38e34cbc6f077f7882629) Importer(2089858483,b0f066a214c2f5e87bad3c948f4d605d)
Start importing Assets/Audio/LandOnGroundjumpCreature Foot Step 04.wav using Guid(50b49017a6e38e34cbc6f077f7882629) Importer(2089858483,b0f066a214c2f5e87bad3c948f4d605d) (ScriptedImporter) -> (Import Result ID: 'f5b436ec680a8684613f0c62646a0ab3') in 0.0080119 seconds [static and dynamic dependencies]. Details - ImportResultOutputID=224a0743e0f8b641563b3d64ae20cffd DependenciesID=6b78ed7603279c01dbaafcd0e0f8bd45 StaticDependenciesID=401f526184073b81f8793ca8d1adad59 
Number of updated asset objects reloaded before import = 0Number of asset objects unloaded after import = 1

========================================================================
Received Import Request.
  Time since last request: 0.000010 seconds.
  path: Assets/Scripts/QuitButton.cs
  importAddress: Guid(140d83becb183f8419b6308678ec64ad) Importer(2089858483,b0f066a214c2f5e87bad3c948f4d605d)
Start importing Assets/Scripts/QuitButton.cs using Guid(140d83becb183f8419b6308678ec64ad) Importer(2089858483,b0f066a214c2f5e87bad3c948f4d605d) (ScriptedImporter) -> (Import Result ID: '9c491858c78b298f782fecab5c2c7762') in 0.0057883 seconds [static and dynamic dependencies]. Details - ImportResultOutputID=db32318f1d3925ad1bbcb278ee72f266 DependenciesID=03891e7a3da3521215b39a41448d8e2f StaticDependenciesID=5b3250627b33bc8ad766b6ce7ed8ee20 
Number of updated asset objects reloaded before import = 0Number of asset objects unloaded after import = 0

========================================================================
Received Import Request.
  Time since last request: 0.000014 seconds.
  path: Assets/Environment/Sprites/Cloud 1.png
  importAddress: Guid(ef100d6edee79ae40a7b80552ec2c4ca) Importer(2089858483,b0f066a214c2f5e87bad3c948f4d605d)
Start importing Assets/Environment/Sprites/Cloud 1.png using Guid(ef100d6edee79ae40a7b80552ec2c4ca) Importer(2089858483,b0f066a214c2f5e87bad3c948f4d605d) (ScriptedImporter) -> (Import Result ID: '0d2e3413aaa02037b7ca6eb970d13a3f') in 0.009034 seconds [static and dynamic dependencies]. Details - ImportResultOutputID=0c586dbaa342932b9504fcf7b8581259 DependenciesID=21b35270b5fd9fd46b5cdc5ec429c499 StaticDependenciesID=8761aaf9c7011cf22cc0408d435d8150 
Number of updated asset objects reloaded before import = 0Number of asset objects unloaded after import = 3

========================================================================
Received Import Request.
  Time since last request: 0.000017 seconds.
  path: Assets/Environment/Snow.prefab
  importAddress: Guid(3624a7817a0707748b10351af066d3f3) Importer(2089858483,b0f066a214c2f5e87bad3c948f4d605d)
Start importing Assets/Environment/Snow.prefab using Guid(3624a7817a0707748b10351af066d3f3) Importer(2089858483,b0f066a214c2f5e87bad3c948f4d605d) (ScriptedImporter) -> (Import Result ID: 'ec9f470d75a013a07889be63c8c25b8e') in 0.0441156 seconds [static and dynamic dependencies]. Details - ImportResultOutputID=5235548bd3404d3be642e643554b28b6 DependenciesID=610dc2993bdad35595d47eb968b455c9 StaticDependenciesID=c90c0fc4c450dab8fffd34b756d1f326 
Number of updated asset objects reloaded before import = 0Number of asset objects unloaded after import = 6

========================================================================
Received Import Request.
  Time since last request: 0.000010 seconds.
  path: Assets/Environment/Cloud 1.asset
  importAddress: Guid(4c8791f2b1c4e1c4b841fffebde89e8f) Importer(2089858483,b0f066a214c2f5e87bad3c948f4d605d)
Start importing Assets/Environment/Cloud 1.asset using Guid(4c8791f2b1c4e1c4b841fffebde89e8f) Importer(2089858483,b0f066a214c2f5e87bad3c948f4d605d) (ScriptedImporter) -> (Import Result ID: '18da05d84c1479849b957946458ac78c') in 0.0075518 seconds [static and dynamic dependencies]. Details - ImportResultOutputID=0bb5a23c8de50988594858918c55787d DependenciesID=7cea11ab8538aa7772d7dde452e80945 StaticDependenciesID=12d8de296d7bcbde9a3dee256f27f162 
Number of updated asset objects reloaded before import = 0Number of asset objects unloaded after import = 2

========================================================================
Received Import Request.
  Time since last request: 0.000010 seconds.
  path: Assets/Character/Animations/Player.controller
  importAddress: Guid(b09e60546065cf9448b36ebb7f759a91) Importer(2089858483,b0f066a214c2f5e87bad3c948f4d605d)
Start importing Assets/Character/Animations/Player.controller using Guid(b09e60546065cf9448b36ebb7f759a91) Importer(2089858483,b0f066a214c2f5e87bad3c948f4d605d) (ScriptedImporter) -> (Import Result ID: 'cdd961fe009aab8fdb03f58b33efc1ea') in 0.0142765 seconds [static and dynamic dependencies]. Details - ImportResultOutputID=9cac0746aed9826c389cc3716434afce DependenciesID=612bb3c12d6eab21ef721fd065ecba3d StaticDependenciesID=3576dd54171cb7a149164ceb3d57c7c9 
Number of updated asset objects reloaded before import = 0Number of asset objects unloaded after import = 40

========================================================================
Received Import Request.
  Time since last request: 0.000009 seconds.
  path: Assets/Character/Animations/PlayerIdle.anim
  importAddress: Guid(712f4510fc9b249348d4d8e97b12dc45) Importer(2089858483,b0f066a214c2f5e87bad3c948f4d605d)
Start importing Assets/Character/Animations/PlayerIdle.anim using Guid(712f4510fc9b249348d4d8e97b12dc45) Importer(2089858483,b0f066a214c2f5e87bad3c948f4d605d) (ScriptedImporter) -> (Import Result ID: '833ac9c03cd9e0490b2cc763c34a2b41') in 0.0064458 seconds [static and dynamic dependencies]. Details - ImportResultOutputID=4a73a5086b3f6c7d115755fdce99eef5 DependenciesID=73888adb50faf1b1821e132b19a19582 StaticDependenciesID=19fcb17c0858e462463c94aa081c65dc 
Number of updated asset objects reloaded before import = 0Number of asset objects unloaded after import = 1

========================================================================
Received Import Request.
  Time since last request: 0.000012 seconds.
  path: Assets/Scenes/Scene_0b.unity
  importAddress: Guid(2b081ea7eff85d44d8010c6b28b36f89) Importer(2089858483,b0f066a214c2f5e87bad3c948f4d605d)
Start importing Assets/Scenes/Scene_0b.unity using Guid(2b081ea7eff85d44d8010c6b28b36f89) Importer(2089858483,b0f066a214c2f5e87bad3c948f4d605d) (ScriptedImporter) -> (Import Result ID: 'da743bd08d3df87164263a1a371adf58') in 0.006284 seconds [static and dynamic dependencies]. Details - ImportResultOutputID=e8c4bae460e0eace94fda68686b15003 DependenciesID=5520c9f6914e0656a6a49fc13ef744bb StaticDependenciesID=5ad4e1a169612fb451e9cc30ffb96a8a 
Number of updated asset objects reloaded before import = 0Number of asset objects unloaded after import = 1

========================================================================
Received Import Request.
  Time since last request: 0.000017 seconds.
  path: Assets/Character/Animations/Enemy.controller
  importAddress: Guid(ed1bbb2dccb7a424a9969f916919f446) Importer(2089858483,b0f066a214c2f5e87bad3c948f4d605d)
Start importing Assets/Character/Animations/Enemy.controller using Guid(ed1bbb2dccb7a424a9969f916919f446) Importer(2089858483,b0f066a214c2f5e87bad3c948f4d605d) (ScriptedImporter) -> (Import Result ID: '33344b45ee2d8effa696b8a08f822781') in 0.0063122 seconds [static and dynamic dependencies]. Details - ImportResultOutputID=b9ae1ca8cb1b410cd732014ef2053f25 DependenciesID=f547d9ae1cb31a395e7780f2a8b6bf8e StaticDependenciesID=320c89907f5116e40184c1a301f6b7fd 
Number of updated asset objects reloaded before import = 0Number of asset objects unloaded after import = 15

========================================================================
Received Import Request.
  Time since last request: 0.000013 seconds.
  path: Assets/Environment/SlabWalkable 1.asset
  importAddress: Guid(f3656a98c265ffc49bc8f389cd29119f) Importer(2089858483,b0f066a214c2f5e87bad3c948f4d605d)
Start importing Assets/Environment/SlabWalkable 1.asset using Guid(f3656a98c265ffc49bc8f389cd29119f) Importer(2089858483,b0f066a214c2f5e87bad3c948f4d605d) (ScriptedImporter) -> (Import Result ID: 'b8b8cbfe5cb3032795896baec482f7a3') in 0.0073676 seconds [static and dynamic dependencies]. Details - ImportResultOutputID=fcc0ca2a0d36ad737dba321c59a9b10f DependenciesID=adfe12a16718bbd577da0fd97cb8a281 StaticDependenciesID=017bc1a444da009ddccf6fabf5b4e1bd 
Number of updated asset objects reloaded before import = 0Number of asset objects unloaded after import = 2

========================================================================
Received Import Request.
  Time since last request: 0.000010 seconds.
  path: Assets/Audio/CollectableCoins Shake in Hand 01.wav
  importAddress: Guid(793302cb659188e4099193a1059a8eef) Importer(2089858483,b0f066a214c2f5e87bad3c948f4d605d)
Start importing Assets/Audio/CollectableCoins Shake in Hand 01.wav using Guid(793302cb659188e4099193a1059a8eef) Importer(2089858483,b0f066a214c2f5e87bad3c948f4d605d) (ScriptedImporter) -> (Import Result ID: 'cce0e451aa82a8064c33cc41081301fd') in 0.0072653 seconds [static and dynamic dependencies]. Details - ImportResultOutputID=5d56c9cce276b78e8a09feeedad390e8 DependenciesID=c9783d570da5de520dc593b78522d05c StaticDependenciesID=9bc780201bfe32f5cf8f7fd5751e731c 
Number of updated asset objects reloaded before import = 0Number of asset objects unloaded after import = 1

========================================================================
Received Import Request.
  Time since last request: 0.000009 seconds.
  path: Assets/Environment/Sprites/SecondPalette.prefab
  importAddress: Guid(4848e3b095eafbc4980da8a71cb2457b) Importer(2089858483,b0f066a214c2f5e87bad3c948f4d605d)
Start importing Assets/Environment/Sprites/SecondPalette.prefab using Guid(4848e3b095eafbc4980da8a71cb2457b) Importer(2089858483,b0f066a214c2f5e87bad3c948f4d605d) (ScriptedImporter) -> (Import Result ID: '07b345e7687e4dbf059678aac220a77e') in 0.0064645 seconds [static and dynamic dependencies]. Details - ImportResultOutputID=332fb66c4682687e40db9ee360af7159 DependenciesID=dc592d432db2696a6823fb550bc4dd97 StaticDependenciesID=913d729ba738abd0cf49b2b74e5fafe3 
Number of updated asset objects reloaded before import = 0Number of asset objects unloaded after import = 10

========================================================================
Received Import Request.
  Time since last request: 0.000008 seconds.
  path: Assets/Environment/Sprites/MidgroundFill.png
  importAddress: Guid(43efe596f8e63be4fb4a0bf7c1066b58) Importer(2089858483,b0f066a214c2f5e87bad3c948f4d605d)
Start importing Assets/Environment/Sprites/MidgroundFill.png using Guid(43efe596f8e63be4fb4a0bf7c1066b58) Importer(2089858483,b0f066a214c2f5e87bad3c948f4d605d) (ScriptedImporter) -> (Import Result ID: '1d7dc76ea0674461276f7deba2e27889') in 0.0080216 seconds [static and dynamic dependencies]. Details - ImportResultOutputID=3a0306989ba1c588442ad8906d4f7dde DependenciesID=5398a6a537e6af910324dae8b34622a5 StaticDependenciesID=a43199e5a86324577b5725c89fe8b917 
Number of updated asset objects reloaded before import = 0Number of asset objects unloaded after import = 3

========================================================================
Received Import Request.
  Time since last request: 0.000011 seconds.
  path: Assets/Character/Animations/PortagonistIdle.png
  importAddress: Guid(87a3c466aded5d349b93f31806b4e931) Importer(2089858483,b0f066a214c2f5e87bad3c948f4d605d)
Start importing Assets/Character/Animations/PortagonistIdle.png using Guid(87a3c466aded5d349b93f31806b4e931) Importer(2089858483,b0f066a214c2f5e87bad3c948f4d605d) (ScriptedImporter) -> (Import Result ID: '6d96430020af42a0a2ddb4490db3211b') in 0.0147838 seconds [static and dynamic dependencies]. Details - ImportResultOutputID=03c94418978c6f6877cb1ec12c1c50f8 DependenciesID=4d98d4a11e2a91d40db6283a36b8d18e StaticDependenciesID=fc8c46373491b47a7ad24e723f6be153 
Number of updated asset objects reloaded before import = 0Number of asset objects unloaded after import = 22

========================================================================
Received Import Request.
  Time since last request: 0.000012 seconds.
  path: Assets/Environment/Sprites/BlockWalkable.png
  importAddress: Guid(46bd2862a71db8442b7748771d415010) Importer(2089858483,b0f066a214c2f5e87bad3c948f4d605d)
Start importing Assets/Environment/Sprites/BlockWalkable.png using Guid(46bd2862a71db8442b7748771d415010) Importer(2089858483,b0f066a214c2f5e87bad3c948f4d605d) (ScriptedImporter) -> (Import Result ID: '4b5a9d521de1171d4d914648897a0523') in 0.0101841 seconds [static and dynamic dependencies]. Details - ImportResultOutputID=315ba843d1edd22b8f795190d023455b DependenciesID=06d8a5add20f3aff2d717e439d230123 StaticDependenciesID=af1280da515955667f35ff60a7441be3 
Number of updated asset objects reloaded before import = 0Number of asset objects unloaded after import = 3

========================================================================
Received Import Request.
  Time since last request: 0.000017 seconds.
  path: Assets/Tiles/MountainsFar_0.asset
  importAddress: Guid(23637179a858d9047b028b292e511926) Importer(2089858483,b0f066a214c2f5e87bad3c948f4d605d)
Start importing Assets/Tiles/MountainsFar_0.asset using Guid(23637179a858d9047b028b292e511926) Importer(2089858483,b0f066a214c2f5e87bad3c948f4d605d) (ScriptedImporter) -> (Import Result ID: '85434c3f20c1b60307ace33ac9c0bbac') in 0.0065796 seconds [static and dynamic dependencies]. Details - ImportResultOutputID=0d5352aab1f1e80d390f5fc62f291ff8 DependenciesID=be875c08f2ba3aa4e11b7bdea250794b StaticDependenciesID=b4caf05e4277aa3a87924b989112b763 
Number of updated asset objects reloaded before import = 0Number of asset objects unloaded after import = 2

========================================================================
Received Import Request.
  Time since last request: 0.000010 seconds.
  path: Assets/Environment/MidgroundFill_0.asset
  importAddress: Guid(acd1e5b9edd757e44a16d92c2d669a37) Importer(2089858483,b0f066a214c2f5e87bad3c948f4d605d)
Start importing Assets/Environment/MidgroundFill_0.asset using Guid(acd1e5b9edd757e44a16d92c2d669a37) Importer(2089858483,b0f066a214c2f5e87bad3c948f4d605d) (ScriptedImporter) -> (Import Result ID: '26df98a5b3fc6ae8e48c73cc2be11091') in 0.0062654 seconds [static and dynamic dependencies]. Details - ImportResultOutputID=06beba91207090a7fbc4317a931272fd DependenciesID=d33ac1bb671812b22cf26a0648570877 StaticDependenciesID=d6327755aa2569fd6d6b4e1c962d8e35 
Number of updated asset objects reloaded before import = 0Number of asset objects unloaded after import = 2

========================================================================
Received Import Request.
  Time since last request: 0.000009 seconds.
  path: Assets/Character/Animations/AllTeethWalkCycle (1).png
  importAddress: Guid(b093824b75be22b47a104834098894ab) Importer(2089858483,b0f066a214c2f5e87bad3c948f4d605d)
Start importing Assets/Character/Animations/AllTeethWalkCycle (1).png using Guid(b093824b75be22b47a104834098894ab) Importer(2089858483,b0f066a214c2f5e87bad3c948f4d605d) (ScriptedImporter) -> (Import Result ID: '255a0da972339cf6980e719b0265d919') in 0.0250581 seconds [static and dynamic dependencies]. Details - ImportResultOutputID=7c8badb0bf71c86a63811184f81e19a1 DependenciesID=330f7273ea7fcc4759751ca9421d2feb StaticDependenciesID=8c72fcaebca3731c4bccf18b8e391121 
Number of updated asset objects reloaded before import = 0Number of asset objects unloaded after import = 36

========================================================================
Received Import Request.
  Time since last request: 0.000013 seconds.
  path: Assets/Character/Animations/EnemyRun.anim
  importAddress: Guid(a16c2646085174726a41a2900d723bdd) Importer(2089858483,b0f066a214c2f5e87bad3c948f4d605d)
Start importing Assets/Character/Animations/EnemyRun.anim using Guid(a16c2646085174726a41a2900d723bdd) Importer(2089858483,b0f066a214c2f5e87bad3c948f4d605d) (ScriptedImporter) -> (Import Result ID: '5469dce8af4116abb1bbebbe4bab9831') in 0.006574 seconds [static and dynamic dependencies]. Details - ImportResultOutputID=120f7f8666e9fbb98fa6d0911f7e7685 DependenciesID=ec2a97e11e4e8244cc4fd69205edc56e StaticDependenciesID=0af7600f52edc313934b6d5cd8f86b41 
Number of updated asset objects reloaded before import = 0Number of asset objects unloaded after import = 1

========================================================================
Received Import Request.
  Time since last request: 0.000009 seconds.
  path: Assets/Audio/LandOnEnemyChickens in a Barn 03.wav
  importAddress: Guid(e8b09e976bb26874d9dacffd607661f4) Importer(2089858483,b0f066a214c2f5e87bad3c948f4d605d)
Start importing Assets/Audio/LandOnEnemyChickens in a Barn 03.wav using Guid(e8b09e976bb26874d9dacffd607661f4) Importer(2089858483,b0f066a214c2f5e87bad3c948f4d605d) (ScriptedImporter) -> (Import Result ID: 'f4397862b2f096b0c38126746fda4b35') in 0.005506 seconds [static and dynamic dependencies]. Details - ImportResultOutputID=51dc92110f175b7376dab8f338f79586 DependenciesID=485ac1a0f02fd426f394e942f13e3786 StaticDependenciesID=b9631101baf89c86d977fe9dea37e9ab 
Number of updated asset objects reloaded before import = 0Number of asset objects unloaded after import = 1

========================================================================
Received Import Request.
  Time since last request: 0.000008 seconds.
  path: Assets/Audio/Walk01Creature Breath 01.wav
  importAddress: Guid(3ef2370a975862944996bc0e155e3f87) Importer(2089858483,b0f066a214c2f5e87bad3c948f4d605d)
Start importing Assets/Audio/Walk01Creature Breath 01.wav using Guid(3ef2370a975862944996bc0e155e3f87) Importer(2089858483,b0f066a214c2f5e87bad3c948f4d605d) (ScriptedImporter) -> (Import Result ID: '418e07aeb452c7b1f939228bc33b9ded') in 0.0062069 seconds [static and dynamic dependencies]. Details - ImportResultOutputID=f801549e1cdd2f94bbb990b4a3102120 DependenciesID=3833c5f9205f93f56e61cf4c1ef13880 StaticDependenciesID=da5b662caa79e484d63124271f59bb64 
Number of updated asset objects reloaded before import = 0Number of asset objects unloaded after import = 1

========================================================================
Received Import Request.
  Time since last request: 0.000010 seconds.
  path: Assets/Character/Animations/PlayerRun.anim
  importAddress: Guid(56811a918221743d69fe84599f43c740) Importer(2089858483,b0f066a214c2f5e87bad3c948f4d605d)
Start importing Assets/Character/Animations/PlayerRun.anim using Guid(56811a918221743d69fe84599f43c740) Importer(2089858483,b0f066a214c2f5e87bad3c948f4d605d) (ScriptedImporter) -> (Import Result ID: 'd3044edc410c21055d27005c10f58da1') in 0.0058081 seconds [static and dynamic dependencies]. Details - ImportResultOutputID=f26387077cd003c7a8ca89ba4dc3dd13 DependenciesID=a281182e660876e16258d71403f4f469 StaticDependenciesID=302da79eb985189b436d6af0176e4a82 
Number of updated asset objects reloaded before import = 0Number of asset objects unloaded after import = 1

========================================================================
Received Import Request.
  Time since last request: 61.940648 seconds.
  path: Assets/Audio/LandOnEnemyChickens in a Barn 03.wav
  importAddress: Guid(e8b09e976bb26874d9dacffd607661f4) Importer(815301076,1909f56bfc062723c751e8b465ee728b)
Start importing Assets/Audio/LandOnEnemyChickens in a Barn 03.wav using Guid(e8b09e976bb26874d9dacffd607661f4) Importer(815301076,1909f56bfc062723c751e8b465ee728b) (PreviewImporter) -> (Import Result ID: '1cef3fc78d82a0a0ecb95e87cbe1433c') in 0.0446536 seconds [static and dynamic dependencies]. Details - ImportResultOutputID=03a071d325c85f8760e9e5882506343e DependenciesID=794b6b6fcf5f7fa7373c6165b9bcec7e StaticDependenciesID=f1ee02746f1686ad338650ce6721ecf8 
Number of updated asset objects reloaded before import = 0Number of asset objects unloaded after import = 2

========================================================================
Received Import Request.
  Time since last request: 0.000013 seconds.
  path: Assets/Audio/Walk01Creature Breath 01.wav
  importAddress: Guid(3ef2370a975862944996bc0e155e3f87) Importer(815301076,1909f56bfc062723c751e8b465ee728b)
Start importing Assets/Audio/Walk01Creature Breath 01.wav using Guid(3ef2370a975862944996bc0e155e3f87) Importer(815301076,1909f56bfc062723c751e8b465ee728b) (PreviewImporter) -> (Import Result ID: 'fc6fb981cc0ed6b3cd304393ff40ae60') in 0.0117249 seconds [static and dynamic dependencies]. Details - ImportResultOutputID=1d6be934a7ed194ac660e2131efb41b7 DependenciesID=8d69c72b8179af062aea73f54401b680 StaticDependenciesID=97a63af8397fc55877dc64c1a7cc5e2f 
Number of updated asset objects reloaded before import = 0Number of asset objects unloaded after import = 2

========================================================================
Received Import Request.
  Time since last request: 0.000018 seconds.
  path: Assets/Audio/Walk02Creature Foot Step 01.wav
  importAddress: Guid(384be91279a21724ea1686d3ca34419b) Importer(815301076,1909f56bfc062723c751e8b465ee728b)
Start importing Assets/Audio/Walk02Creature Foot Step 01.wav using Guid(384be91279a21724ea1686d3ca34419b) Importer(815301076,1909f56bfc062723c751e8b465ee728b) (PreviewImporter) -> (Import Result ID: '88ae701d2d70e002eaef09601aa04c5a') in 0.0092167 seconds [static and dynamic dependencies]. Details - ImportResultOutputID=ed1358d7fbabda6d2a46125e7108b86e DependenciesID=2e0b0ef6be337329b04506a5e9f603c0 StaticDependenciesID=9830f46968cc54b0f94d1adb5259820a 
Number of updated asset objects reloaded before import = 0Number of asset objects unloaded after import = 2

========================================================================
Received Import Request.
  Time since last request: 112.220749 seconds.
  path: Assets/Prefabs/Player.prefab
  importAddress: Guid(7d60c822c3f1b408ea7a00ecdb5e047a) Importer(815301076,1909f56bfc062723c751e8b465ee728b)
Start importing Assets/Prefabs/Player.prefab using Guid(7d60c822c3f1b408ea7a00ecdb5e047a) Importer(815301076,1909f56bfc062723c751e8b465ee728b) (PreviewImporter) -> (Import Result ID: 'e27a2891b2fc413ed40d8073cd0fa8e5') in 0.2550758 seconds [static and dynamic dependencies]. Details - ImportResultOutputID=ffda6a3b1b7fc9ef0bbe610f48042460 DependenciesID=3015f981c1642910de5b4ca4b8080c77 StaticDependenciesID=f75fc354aa731a128413a9774ce41fcb 
Number of updated asset objects reloaded before import = 0Number of asset objects unloaded after import = 181

========================================================================
Received Import Request.
  Time since last request: 399.425199 seconds.
  path: Assets/Character/Animations/PortagonistIdle.png
  importAddress: Guid(87a3c466aded5d349b93f31806b4e931) Importer(815301076,1909f56bfc062723c751e8b465ee728b)
Start importing Assets/Character/Animations/PortagonistIdle.png using Guid(87a3c466aded5d349b93f31806b4e931) Importer(815301076,1909f56bfc062723c751e8b465ee728b) (PreviewImporter) -> (Import Result ID: 'c6381ea7977204bb85f952d7c381d845') in 0.051776 seconds [static and dynamic dependencies]. Details - ImportResultOutputID=11644aeb05d27ef6678f7f4bb3721198 DependenciesID=dfeff61e05be0ab8efd4f66a945f4c33 StaticDependenciesID=2891def8331370efa7c6111686414fb8 
Number of updated asset objects reloaded before import = 0Number of asset objects unloaded after import = 22

========================================================================
Received Import Request.
  Time since last request: 0.000027 seconds.
  path: Assets/Character/Animations/ProtagonistDeath.png
  importAddress: Guid(3d5a990bcbe88e44cbc2dacb19d7c719) Importer(815301076,1909f56bfc062723c751e8b465ee728b)
Start importing Assets/Character/Animations/ProtagonistDeath.png using Guid(3d5a990bcbe88e44cbc2dacb19d7c719) Importer(815301076,1909f56bfc062723c751e8b465ee728b) (PreviewImporter) -> (Import Result ID: 'f4ef7665d73d295eca184947b15d10bf') in 0.0330161 seconds [static and dynamic dependencies]. Details - ImportResultOutputID=b4700b2d93369ed3a2f399cbb70c3ee5 DependenciesID=2358f1d769d5476658fed9badf13c256 StaticDependenciesID=47d0a705cf97104b7a1c83894d1157a6 
Number of updated asset objects reloaded before import = 0Number of asset objects unloaded after import = 15

========================================================================
Received Import Request.
  Time since last request: 0.000023 seconds.
  path: Assets/Character/Animations/ProtagonistJump.png
  importAddress: Guid(16887ce18de3f564da092c4f77dbadde) Importer(815301076,1909f56bfc062723c751e8b465ee728b)
Start importing Assets/Character/Animations/ProtagonistJump.png using Guid(16887ce18de3f564da092c4f77dbadde) Importer(815301076,1909f56bfc062723c751e8b465ee728b) (PreviewImporter) -> (Import Result ID: 'ff90b2641cfacb7033250b53b83fea38') in 0.0314782 seconds [static and dynamic dependencies]. Details - ImportResultOutputID=173b195e3b7daae99176009a07a4b3c3 DependenciesID=1639e3a88a73f054d4f19f9d40379586 StaticDependenciesID=b25b9013b2aa2d7ff1ca3376ff21a0c7 
Number of updated asset objects reloaded before import = 0Number of asset objects unloaded after import = 14

========================================================================
Received Import Request.
  Time since last request: 0.000016 seconds.
  path: Assets/Character/Animations/SheepWalkCycle.png
  importAddress: Guid(bdd6f086d87c467499facae191edf3c1) Importer(815301076,1909f56bfc062723c751e8b465ee728b)
Start importing Assets/Character/Animations/SheepWalkCycle.png using Guid(bdd6f086d87c467499facae191edf3c1) Importer(815301076,1909f56bfc062723c751e8b465ee728b) (PreviewImporter) -> (Import Result ID: '83c202b9462e0ee5bb5939380e5e204f') in 0.0363282 seconds [static and dynamic dependencies]. Details - ImportResultOutputID=7a5459d22a359d1446785b7553706d57 DependenciesID=781a4e1c66e1ee8b109ddcea1dcbca25 StaticDependenciesID=90031508fc7de7dcccc6a945e508825c 
Number of updated asset objects reloaded before import = 0Number of asset objects unloaded after import = 19

========================================================================
Received Import Request.
  Time since last request: 25.666294 seconds.
  path: Assets/Scenes/Scene_1.unity
  importAddress: Guid(2cda990e2423bbf4892e6590ba056729) Importer(2089858483,b0f066a214c2f5e87bad3c948f4d605d)
Start importing Assets/Scenes/Scene_1.unity using Guid(2cda990e2423bbf4892e6590ba056729) Importer(2089858483,b0f066a214c2f5e87bad3c948f4d605d) (ScriptedImporter) -> (Import Result ID: 'e9f9f6ee8b37a8889f12faa0728d284c') in 0.0161809 seconds [static and dynamic dependencies]. Details - ImportResultOutputID=1744c7a5ac446657bb675dbf1f749dbc DependenciesID=0a9909b7fdcaf734db948416f3a42923 StaticDependenciesID=c5a931d49c4bec4a0bf0ad634692dbb7 
Number of updated asset objects reloaded before import = 0Number of asset objects unloaded after import = 1

========================================================================
Received Import Request.
  Time since last request: 1502.959028 seconds.
  path: Assets/Prefabs/Player.prefab
  importAddress: Guid(7d60c822c3f1b408ea7a00ecdb5e047a) Importer(815301076,1909f56bfc062723c751e8b465ee728b)
Start importing Assets/Prefabs/Player.prefab using Guid(7d60c822c3f1b408ea7a00ecdb5e047a) Importer(815301076,1909f56bfc062723c751e8b465ee728b) (PreviewImporter) -> (Import Result ID: '1607edfcaa7f196f8dd0bd1bef9be171') in 0.0538527 seconds [static and dynamic dependencies]. Details - ImportResultOutputID=ffda6a3b1b7fc9ef0bbe610f48042460 DependenciesID=2d6ee0ef48e51bc12bb9a9c1c9c2cccf StaticDependenciesID=f75fc354aa731a128413a9774ce41fcb 
Number of updated asset objects reloaded before import = 0Number of asset objects unloaded after import = 180

========================================================================
Received Import Request.
  Time since last request: 2827.397410 seconds.
  path: Assets/Environment/Block (2).asset
  importAddress: Guid(dbd783a1cbe0a3c47ac28ac8ab29d524) Importer(815301076,1909f56bfc062723c751e8b465ee728b)
Start importing Assets/Environment/Block (2).asset using Guid(dbd783a1cbe0a3c47ac28ac8ab29d524) Importer(815301076,1909f56bfc062723c751e8b465ee728b) (PreviewImporter) -> (Import Result ID: '8e5a30a614a14d8174608106d7b2eaae') in 0.0767374 seconds [static and dynamic dependencies]. Details - ImportResultOutputID=cc5800b384ddcae0346b92655c6861ab DependenciesID=8d32679b9f496d448875db762a126e37 StaticDependenciesID=4c2809ad4bec63c733ceca19203b2d8e 
Number of updated asset objects reloaded before import = 0Number of asset objects unloaded after import = 3

========================================================================
Received Import Request.
  Time since last request: 0.000024 seconds.
  path: Assets/Environment/SlabWalkable 1.asset
  importAddress: Guid(f3656a98c265ffc49bc8f389cd29119f) Importer(815301076,1909f56bfc062723c751e8b465ee728b)
Start importing Assets/Environment/SlabWalkable 1.asset using Guid(f3656a98c265ffc49bc8f389cd29119f) Importer(815301076,1909f56bfc062723c751e8b465ee728b) (PreviewImporter) -> (Import Result ID: '44bde21a3decb8ebbd4609c20815f726') in 0.0129622 seconds [static and dynamic dependencies]. Details - ImportResultOutputID=d61b4e1f7006fc50f483d3c1109b9a37 DependenciesID=09271dc689553fb3847f54a94140ea4d StaticDependenciesID=8a1dcb228265ecc46c91b1f7ecbbe7d2 
Number of updated asset objects reloaded before import = 0Number of asset objects unloaded after import = 3

========================================================================
Received Import Request.
  Time since last request: 0.000014 seconds.
  path: Assets/Environment/SlabWalkable.asset
  importAddress: Guid(00d2c100dabeb644abf57eed84c5fb18) Importer(815301076,1909f56bfc062723c751e8b465ee728b)
Start importing Assets/Environment/SlabWalkable.asset using Guid(00d2c100dabeb644abf57eed84c5fb18) Importer(815301076,1909f56bfc062723c751e8b465ee728b) (PreviewImporter) -> (Import Result ID: 'b9f7cf9623e18504f147580bc09a3e5e') in 0.0065509 seconds [static and dynamic dependencies]. Details - ImportResultOutputID=c76e654ce38a1f81a4bae643d01ceaeb DependenciesID=78b3ed740628a48e2316b12c33d2db91 StaticDependenciesID=34dda3a340aff460cec9475c8a85dcb4 
Number of updated asset objects reloaded before import = 0Number of asset objects unloaded after import = 3

========================================================================
Received Import Request.
  Time since last request: 0.000026 seconds.
  path: Assets/Environment/Fire.asset
  importAddress: Guid(d66f3c5ff7476bf40a3e99aec018e9d5) Importer(815301076,1909f56bfc062723c751e8b465ee728b)
Start importing Assets/Environment/Fire.asset using Guid(d66f3c5ff7476bf40a3e99aec018e9d5) Importer(815301076,1909f56bfc062723c751e8b465ee728b) (PreviewImporter) -> (Import Result ID: '421bceb654f681197f0193bebb85a4e3') in 0.0163486 seconds [static and dynamic dependencies]. Details - ImportResultOutputID=8a1dfbb6de505c769c1daa91edee4fb6 DependenciesID=5047538f75ba07c54524d30ba52ca376 StaticDependenciesID=3fa1c7954b6503a56bc17ce8a8ce749d 
Number of updated asset objects reloaded before import = 0Number of asset objects unloaded after import = 3

========================================================================
Received Import Request.
  Time since last request: 0.000025 seconds.
  path: Assets/Environment/BlockWalkable.asset
  importAddress: Guid(f45375fef2f41f5498f55aae113ce487) Importer(815301076,1909f56bfc062723c751e8b465ee728b)
Start importing Assets/Environment/BlockWalkable.asset using Guid(f45375fef2f41f5498f55aae113ce487) Importer(815301076,1909f56bfc062723c751e8b465ee728b) (PreviewImporter) -> (Import Result ID: 'c6aad2293c05b6bad097c0ec97c81904') in 0.0123915 seconds [static and dynamic dependencies]. Details - ImportResultOutputID=32bfa239a0f6a3efb581ac8586470185 DependenciesID=7fc22bf52e109bc92eda488856f7dcda StaticDependenciesID=a8bdd13f0845175737d24cb87570d7cc 
Number of updated asset objects reloaded before import = 0Number of asset objects unloaded after import = 3

========================================================================
Received Import Request.
  Time since last request: 0.000016 seconds.
  path: Assets/Environment/Tree 1_0.asset
  importAddress: Guid(f63c67dcf05cc22458d271f4bb32abf9) Importer(815301076,1909f56bfc062723c751e8b465ee728b)
Start importing Assets/Environment/Tree 1_0.asset using Guid(f63c67dcf05cc22458d271f4bb32abf9) Importer(815301076,1909f56bfc062723c751e8b465ee728b) (PreviewImporter) -> (Import Result ID: '99b1e7c1e1009455826bf340dd440333') in 0.0126477 seconds [static and dynamic dependencies]. Details - ImportResultOutputID=09af372905dd324c9e96f2d1be86ba17 DependenciesID=b0661b8e104c903ce96a9ee35f206da8 StaticDependenciesID=e47328d945c37275815e59fc8739292b 
Number of updated asset objects reloaded before import = 0Number of asset objects unloaded after import = 3

========================================================================
Received Import Request.
  Time since last request: 46.514262 seconds.
  path: Assets/Rendering/Universal Render Pipeline Asset.asset
  importAddress: Guid(e80b55d986a2d4044ae28978d9a6410a) Importer(815301076,1909f56bfc062723c751e8b465ee728b)
Start importing Assets/Rendering/Universal Render Pipeline Asset.asset using Guid(e80b55d986a2d4044ae28978d9a6410a) Importer(815301076,1909f56bfc062723c751e8b465ee728b) (PreviewImporter) -> (Import Result ID: 'ec15b09def130523c96cdf5c68606cb1') in 0.0027489 seconds [static and dynamic dependencies]. Details - ImportResultOutputID=ad87834e5ec74b71e16aeea7b7d3c975 DependenciesID=d009a51c57bd95426d6327d6121e8d5f StaticDependenciesID=20ef5ec7016eac0f256723c8bb511725 
Number of updated asset objects reloaded before import = 0Number of asset objects unloaded after import = 2

========================================================================
Received Import Request.
  Time since last request: 2.733188 seconds.
  path: Assets/Settings/InputSystem_Actions.inputactions
  importAddress: Guid(5e716bb9195b9eb49a2ccb4c51691dc6) Importer(815301076,1909f56bfc062723c751e8b465ee728b)
Start importing Assets/Settings/InputSystem_Actions.inputactions using Guid(5e716bb9195b9eb49a2ccb4c51691dc6) Importer(815301076,1909f56bfc062723c751e8b465ee728b) (PreviewImporter) -> (Import Result ID: 'a9bd2fae798013f238fc9f69383f8dff') in 0.009198 seconds [static and dynamic dependencies]. Details - ImportResultOutputID=0b9ab2bab0428fdb32f1ad5ef31025ef DependenciesID=4a13143d8e0b39407b7f635a3b0bd68a StaticDependenciesID=719feadded777fd4c1cd992ec7cbe28e 
Number of updated asset objects reloaded before import = 0Number of asset objects unloaded after import = 13

========================================================================
Received Import Request.
  Time since last request: 0.000013 seconds.
  path: Assets/Settings/UniversalRenderPipelineGlobalSettings.asset
  importAddress: Guid(bff77cef94c4f6445bd2dd50cefca70f) Importer(815301076,1909f56bfc062723c751e8b465ee728b)
Start importing Assets/Settings/UniversalRenderPipelineGlobalSettings.asset using Guid(bff77cef94c4f6445bd2dd50cefca70f) Importer(815301076,1909f56bfc062723c751e8b465ee728b) (PreviewImporter) -> (Import Result ID: '4ad8cc039714c7ea7cffe2d4b20c420e') in 0.0010457 seconds [static and dynamic dependencies]. Details - ImportResultOutputID=884382cde9a0f2c90d1765b2f3ff4ec3 DependenciesID=fc50e18abbb6d8f3e198fea207affc00 StaticDependenciesID=042f77306e8dbcf4862b928420e3d2c7 
Number of updated asset objects reloaded before import = 0Number of asset objects unloaded after import = 0

========================================================================
Received Import Request.
  Time since last request: 2.307772 seconds.
  path: Assets/Tiles/fence.asset
  importAddress: Guid(bb5d933e6627d374c8b68f8c7c95d5c4) Importer(815301076,1909f56bfc062723c751e8b465ee728b)
Start importing Assets/Tiles/fence.asset using Guid(bb5d933e6627d374c8b68f8c7c95d5c4) Importer(815301076,1909f56bfc062723c751e8b465ee728b) (PreviewImporter) -> (Import Result ID: '6cdba421235c2a4c937ebc2411fca3d6') in 0.0108275 seconds [static and dynamic dependencies]. Details - ImportResultOutputID=fea51d6b6b6098d7ef9170007d1db29e DependenciesID=bf5dc094cf3f726639cd7a482f6961af StaticDependenciesID=8cebd2d056061ec90ecb92b4cddd6065 
Number of updated asset objects reloaded before import = 0Number of asset objects unloaded after import = 3

========================================================================
Received Import Request.
  Time since last request: 0.000016 seconds.
  path: Assets/Tiles/TileGround.asset
  importAddress: Guid(346d40452471dc54ba12d6c7e67a1920) Importer(815301076,1909f56bfc062723c751e8b465ee728b)
Start importing Assets/Tiles/TileGround.asset using Guid(346d40452471dc54ba12d6c7e67a1920) Importer(815301076,1909f56bfc062723c751e8b465ee728b) (PreviewImporter) -> (Import Result ID: '5f9c79eff3663f7c93074ece881a3056') in 0.0108667 seconds [static and dynamic dependencies]. Details - ImportResultOutputID=577bb854fc76ac2f59d45a4282c297a4 DependenciesID=3a55f5444e1ba03c9a151ec3f7c63f73 StaticDependenciesID=73ae8895f3ef7310e9a4375be60fb66f 
Number of updated asset objects reloaded before import = 0Number of asset objects unloaded after import = 3

========================================================================
Received Import Request.
  Time since last request: 0.000017 seconds.
  path: Assets/Tiles/TileGroundTop.asset
  importAddress: Guid(00c0f6fa8d57f7949864cfd4ba00f858) Importer(815301076,1909f56bfc062723c751e8b465ee728b)
Start importing Assets/Tiles/TileGroundTop.asset using Guid(00c0f6fa8d57f7949864cfd4ba00f858) Importer(815301076,1909f56bfc062723c751e8b465ee728b) (PreviewImporter) -> (Import Result ID: '586c3f8c5d3fabf93d7f8ea0a767ff60') in 0.0103485 seconds [static and dynamic dependencies]. Details - ImportResultOutputID=c0aa6ff5ab7d4a72e8c910500d8f4b5b DependenciesID=d3d0e2744bafc12885c949f32f52a3cb StaticDependenciesID=8557235405063d22ac2ec5a8bb31af92 
Number of updated asset objects reloaded before import = 0Number of asset objects unloaded after import = 3

========================================================================
Received Import Request.
  Time since last request: 0.000013 seconds.
  path: Assets/Tiles/MidgroundFiller.asset
  importAddress: Guid(8187bea14c4d7c849b76ae65d8bd9782) Importer(815301076,1909f56bfc062723c751e8b465ee728b)
Start importing Assets/Tiles/MidgroundFiller.asset using Guid(8187bea14c4d7c849b76ae65d8bd9782) Importer(815301076,1909f56bfc062723c751e8b465ee728b) (PreviewImporter) -> (Import Result ID: '7e87ed71f7893bcbe439f49009e6b823') in 0.0090437 seconds [static and dynamic dependencies]. Details - ImportResultOutputID=5ef11d7334a847ef22a32c189d5d00e3 DependenciesID=05f70577da9d44a26e0dbdf3bf505743 StaticDependenciesID=a32a9f23807a0577701dfd8c47131e26 
Number of updated asset objects reloaded before import = 0Number of asset objects unloaded after import = 3

========================================================================
Received Import Request.
  Time since last request: 0.000015 seconds.
  path: Assets/Tiles/midground.asset
  importAddress: Guid(5b1ed690790872f45abca6cc98ea40b3) Importer(815301076,1909f56bfc062723c751e8b465ee728b)
Start importing Assets/Tiles/midground.asset using Guid(5b1ed690790872f45abca6cc98ea40b3) Importer(815301076,1909f56bfc062723c751e8b465ee728b) (PreviewImporter) -> (Import Result ID: '66a15db1a000805f586616f782a9c3c6') in 0.0110223 seconds [static and dynamic dependencies]. Details - ImportResultOutputID=da1e31ef693a5813f6d42d1f32370970 DependenciesID=3cde9044484af022d05d04f19bf56cb8 StaticDependenciesID=6485e566217ef15a5d4e7ee668f9f9dd 
Number of updated asset objects reloaded before import = 0Number of asset objects unloaded after import = 3

========================================================================
Received Import Request.
  Time since last request: 0.000021 seconds.
  path: Assets/Tiles/hillside.asset
  importAddress: Guid(7ce6d6745a4a31040b413bb8d4f7f6e7) Importer(815301076,1909f56bfc062723c751e8b465ee728b)
Start importing Assets/Tiles/hillside.asset using Guid(7ce6d6745a4a31040b413bb8d4f7f6e7) Importer(815301076,1909f56bfc062723c751e8b465ee728b) (PreviewImporter) -> (Import Result ID: '0824c682e32c114e058df3210d36ba41') in 0.0113694 seconds [static and dynamic dependencies]. Details - ImportResultOutputID=505b8445b422a1c34657f079cb5bc17e DependenciesID=490ebef81fe3c7e04390ab90d0622af8 StaticDependenciesID=604625c92fde312e93da4307edcf3372 
Number of updated asset objects reloaded before import = 0Number of asset objects unloaded after import = 3

========================================================================
Received Import Request.
  Time since last request: 0.000016 seconds.
  path: Assets/Tiles/tree.asset
  importAddress: Guid(425a6ca6169e0e14ba0dd745b3d35cb2) Importer(815301076,1909f56bfc062723c751e8b465ee728b)
Start importing Assets/Tiles/tree.asset using Guid(425a6ca6169e0e14ba0dd745b3d35cb2) Importer(815301076,1909f56bfc062723c751e8b465ee728b) (PreviewImporter) -> (Import Result ID: 'c8771e7ee35d3506c127ea230baf1e20') in 0.0075321 seconds [static and dynamic dependencies]. Details - ImportResultOutputID=6fde70fcea5aac0405a72a268c9e20b3 DependenciesID=a9580feb405d4ed1a9ca07f18f89aa7d StaticDependenciesID=e7084c6a47a6f36b45b6d3c1965fdba2 
Number of updated asset objects reloaded before import = 0Number of asset objects unloaded after import = 3

========================================================================
Received Import Request.
  Time since last request: 0.000013 seconds.
  path: Assets/Tiles/TileFloatingLeftEdge.asset
  importAddress: Guid(8ffc15ca897ef94428428a26ead7bd6d) Importer(815301076,1909f56bfc062723c751e8b465ee728b)
Start importing Assets/Tiles/TileFloatingLeftEdge.asset using Guid(8ffc15ca897ef94428428a26ead7bd6d) Importer(815301076,1909f56bfc062723c751e8b465ee728b) (PreviewImporter) -> (Import Result ID: 'ba086c98d4608cf8afbf738a833d3c08') in 0.0115111 seconds [static and dynamic dependencies]. Details - ImportResultOutputID=d60dfe9576727da42cebff9399a63d76 DependenciesID=8b9f09042a6cb9fb00ecec4af38bee95 StaticDependenciesID=736c85ff386681abc3b780e058f3cbe2 
Number of updated asset objects reloaded before import = 0Number of asset objects unloaded after import = 3

========================================================================
Received Import Request.
  Time since last request: 0.000016 seconds.
  path: Assets/Tiles/ShortBuilding.asset
  importAddress: Guid(102dda6d7e3be4644bea1fdfea2d37d4) Importer(815301076,1909f56bfc062723c751e8b465ee728b)
Start importing Assets/Tiles/ShortBuilding.asset using Guid(102dda6d7e3be4644bea1fdfea2d37d4) Importer(815301076,1909f56bfc062723c751e8b465ee728b) (PreviewImporter) -> (Import Result ID: '7b29338ddfaf27d24259145ff3175b64') in 0.0111941 seconds [static and dynamic dependencies]. Details - ImportResultOutputID=bd18d5d3e72f5f132086256396bde4f5 DependenciesID=ee1f3005be0dc9dc81986f0179d1cdf8 StaticDependenciesID=db642c07f83e227f12456530d1b55a5f 
Number of updated asset objects reloaded before import = 0Number of asset objects unloaded after import = 3

========================================================================
Received Import Request.
  Time since last request: 0.000014 seconds.
  path: Assets/Tiles/MountainsFar_0.asset
  importAddress: Guid(23637179a858d9047b028b292e511926) Importer(815301076,1909f56bfc062723c751e8b465ee728b)
Start importing Assets/Tiles/MountainsFar_0.asset using Guid(23637179a858d9047b028b292e511926) Importer(815301076,1909f56bfc062723c751e8b465ee728b) (PreviewImporter) -> (Import Result ID: '9d348e015bac1ce341ac14ba794f9382') in 0.0104179 seconds [static and dynamic dependencies]. Details - ImportResultOutputID=9c257bb9d1e349c972ac99727100783f DependenciesID=854ec1a406878cc8606cb6a2fb74d572 StaticDependenciesID=74a6534e224db1dc38bc665fccb777b3 
Number of updated asset objects reloaded before import = 0Number of asset objects unloaded after import = 3

========================================================================
Received Import Request.
  Time since last request: 5.451970 seconds.
  path: Assets/Tutorials/TutorialProjectSettings.asset
  importAddress: Guid(82ccda3adf0ba49e1ba86e30edff0cc5) Importer(815301076,1909f56bfc062723c751e8b465ee728b)
Start importing Assets/Tutorials/TutorialProjectSettings.asset using Guid(82ccda3adf0ba49e1ba86e30edff0cc5) Importer(815301076,1909f56bfc062723c751e8b465ee728b) (PreviewImporter) -> (Import Result ID: 'c8d6dac03309c5ffa810524c35d97f18') in 0.2732598 seconds [static and dynamic dependencies]. Details - ImportResultOutputID=889c384fc23398098e28e7b5e38b7781 DependenciesID=33415ea649a141e6a862b7ab42b9dbaa StaticDependenciesID=e3336cca9ddb8f241cc271e05ab8d7a6 
Number of updated asset objects reloaded before import = 0Number of asset objects unloaded after import = 149

========================================================================
Received Import Request.
  Time since last request: 0.000030 seconds.
  path: Assets/Tutorials/Unity.Platformer.Tutorials.asmdef
  importAddress: Guid(31dfa4f98b707e143912a08d1b696719) Importer(815301076,1909f56bfc062723c751e8b465ee728b)
Start importing Assets/Tutorials/Unity.Platformer.Tutorials.asmdef using Guid(31dfa4f98b707e143912a08d1b696719) Importer(815301076,1909f56bfc062723c751e8b465ee728b) (PreviewImporter) -> (Import Result ID: '602741616b9934fa823b7b30521e3fc7') in 0.0007867 seconds [static and dynamic dependencies]. Details - ImportResultOutputID=4ee8f4789dd252f3351ff150402c9288 DependenciesID=5c77274ece36c232848c717b351d1f2f StaticDependenciesID=a58d1378c5b472fb591d9f44a9a26552 
Number of updated asset objects reloaded before import = 0Number of asset objects unloaded after import = 0

========================================================================
Received Import Request.
  Time since last request: 0.158638 seconds.
  path: Assets/Video/VdeoRenderTexture.renderTexture
  importAddress: Guid(569e5b3a229525b4398a58013d2de598) Importer(815301076,1909f56bfc062723c751e8b465ee728b)
Start importing Assets/Video/VdeoRenderTexture.renderTexture using Guid(569e5b3a229525b4398a58013d2de598) Importer(815301076,1909f56bfc062723c751e8b465ee728b) (PreviewImporter) -> (Import Result ID: '6ba008ce9784bc2f171faca87a3dcfa6') in 0.013022 seconds [static and dynamic dependencies]. Details - ImportResultOutputID=10d14aac3f472429105d378f56c4cf26 DependenciesID=f2060a9f3893f4e2747fbf49076f100d StaticDependenciesID=ee3189e2c6250a6f0703b364c2647a8d 
Number of updated asset objects reloaded before import = 0Number of asset objects unloaded after import = 2

